<html>
<body>
<pre>
<h1>µVision Build Log</h1>
<h2>Project:</h2>
D:\ARM projects\5. Sinus Generator.uvproj
Project File Date:  04/28/2010

<h2>Output:</h2>
Build target 'Target 1'
assembling Startup.s...
compiling main.c...
linking...
Program Size: Code=616 RO-data=32 RW-data=4 ZI-data=1260  
FromELF: creating hex file...
"5. Sinus Generator.axf" - 0 Error(s), 0 Warning(s).
Build target 'Target 1'
assembling Startup.s...
compiling main.c...
linking...
Program Size: Code=616 RO-data=32 RW-data=4 ZI-data=1260  
FromELF: creating hex file...
"5. Sinus Generator.axf" - 0 Error(s), 0 Warning(s).
Build target 'Target 1'
assembling Startup.s...
compiling main.c...
linking...
Program Size: Code=612 RO-data=32 RW-data=4 ZI-data=1260  
FromELF: creating hex file...
"5. Sinus Generator.axf" - 0 Error(s), 0 Warning(s).
Build target 'Target 1'
assembling Startup.s...
compiling main.c...
linking...
Program Size: Code=612 RO-data=32 RW-data=4 ZI-data=1260  
FromELF: creating hex file...
"sin_gen.axf" - 0 Error(s), 0 Warning(s).
Build target 'Target 1'
assembling Startup.s...
compiling main.c...
linking...
sin_gen.axf: Error: L6265E: Non-RWPI Section main.o(.data) cannot be assigned to PI Exec region ER_RW.
sin_gen.axf: Error: L6265E: Non-RWPI Section libspace.o(.bss) cannot be assigned to PI Exec region ER_ZI.
sin_gen.axf: Error: L6265E: Non-RWPI Section startup.o(HEAP) cannot be assigned to PI Exec region ER_ZI.
sin_gen.axf: Error: L6265E: Non-RWPI Section startup.o(STACK) cannot be assigned to PI Exec region ER_ZI.
sin_gen.axf: Error: L6248E: startup.o(.text) in PI region 'ER_RO' cannot have address type relocation to Heap_Mem in PI region 'ER_ZI'.
sin_gen.axf: Error: L6248E: startup.o(.text) in PI region 'ER_RO' cannot have address type relocation to Stack_Mem in PI region 'ER_ZI'.
sin_gen.axf: Error: L6248E: startup.o(.text) in PI region 'ER_RO' cannot have address type relocation to Stack_Mem in PI region 'ER_ZI'.
sin_gen.axf: Error: L6248E: main.o(.text) in PI region 'ER_RO' cannot have address type relocation to counter in PI region 'ER_RW'.
sin_gen.axf: Error: L6248E: libspace.o(.text) in PI region 'ER_RO' cannot have address type relocation to __libspace_start in PI region 'ER_ZI'.
Target not created
Build target 'Target 1'
assembling Startup.s...
compiling main.c...
linking...
Program Size: Code=900 RO-data=32 RW-data=4 ZI-data=1260  
FromELF: creating hex file...
"sin_gen.axf" - 0 Error(s), 0 Warning(s).
Build target 'Target 1'
assembling Startup.s...
compiling main.c...
linking...
Program Size: Code=900 RO-data=32 RW-data=4 ZI-data=1260  
FromELF: creating hex file...
"sin_gen.axf" - 0 Error(s), 0 Warning(s).
Build target 'Target 1'
assembling Startup.s...
compiling main.c...
linking...
Program Size: Code=900 RO-data=32 RW-data=4 ZI-data=1260  
FromELF: creating hex file...
"sin_gen.axf" - 0 Error(s), 0 Warning(s).
Build target 'Target 1'
assembling Startup.s...
compiling main.c...
main.c(24): warning:  #940-D: missing return statement at end of non-void function "__main"
linking...
sin_gen.axf: Warning: L6305W: Image does not have an entry point. (Not specified or not set due to multiple choices.)
sin_gen.sct(8): warning: L6314W: No section matches pattern *(InRoot$$Sections).
Program Size: Code=476 RO-data=0 RW-data=4 ZI-data=1164  
FromELF: creating hex file...
"sin_gen.axf" - 0 Error(s), 3 Warning(s).
Build target 'Target 1'
assembling Startup.s...
compiling main.c...
linking...
sin_gen.axf: Warning: L6305W: Image does not have an entry point. (Not specified or not set due to multiple choices.)
sin_gen.sct(8): warning: L6314W: No section matches pattern *(InRoot$$Sections).
Program Size: Code=476 RO-data=0 RW-data=4 ZI-data=1164  
FromELF: creating hex file...
"sin_gen.axf" - 0 Error(s), 2 Warning(s).
Build target 'Target 1'
assembling Startup.s...
compiling main.c...
linking...
Program Size: Code=900 RO-data=32 RW-data=4 ZI-data=1260  
FromELF: creating hex file...
"sin_gen.axf" - 0 Error(s), 0 Warning(s).
Build target 'Target 1'
assembling Startup.s...
compiling main.c...
linking...
Program Size: Code=860 RO-data=32 RW-data=4 ZI-data=1260  
FromELF: creating hex file...
"sin_gen.axf" - 0 Error(s), 0 Warning(s).
Build target 'Target 1'
assembling Startup.s...
compiling main.c...
linking...
Program Size: Code=852 RO-data=32 RW-data=4 ZI-data=1260  
FromELF: creating hex file...
"sin_gen.axf" - 0 Error(s), 0 Warning(s).
Build target 'Target 1'
assembling Startup.s...
compiling main.c...
linking...
Program Size: Code=852 RO-data=32 RW-data=4 ZI-data=1260  
FromELF: creating hex file...
"sin_gen.axf" - 0 Error(s), 0 Warning(s).
Build target 'Target 1'
assembling Startup.s...
compiling main.c...
linking...
Program Size: Code=852 RO-data=32 RW-data=4 ZI-data=1260  
FromELF: creating hex file...
"sin_gen.axf" - 0 Error(s), 0 Warning(s).
Build target 'Target 1'
assembling Startup.s...
compiling main.c...
linking...
Program Size: Code=852 RO-data=32 RW-data=4 ZI-data=1260  
FromELF: creating hex file...
"sin_gen.axf" - 0 Error(s), 0 Warning(s).
Build target 'Target 1'
assembling Startup.s...
compiling main.c...
linking...
Program Size: Code=856 RO-data=32 RW-data=4 ZI-data=1260  
FromELF: creating hex file...
"sin_gen.axf" - 0 Error(s), 0 Warning(s).
Build target 'Target 1'
assembling Startup.s...
compiling main.c...
linking...
Program Size: Code=868 RO-data=32 RW-data=4 ZI-data=1260  
FromELF: creating hex file...
"sin_gen.axf" - 0 Error(s), 0 Warning(s).
Build target 'Target 1'
assembling Startup.s...
compiling main.c...
linking...
Program Size: Code=880 RO-data=32 RW-data=4 ZI-data=1260  
FromELF: creating hex file...
"sin_gen.axf" - 0 Error(s), 0 Warning(s).
Build target 'Target 1'
assembling Startup.s...
compiling main.c...
linking...
Program Size: Code=896 RO-data=32 RW-data=4 ZI-data=1260  
FromELF: creating hex file...
"sin_gen.axf" - 0 Error(s), 0 Warning(s).
Build target 'Target 1'
assembling Startup.s...
compiling main.c...
linking...
Program Size: Code=896 RO-data=32 RW-data=4 ZI-data=1260  
FromELF: creating hex file...
"sin_gen.axf" - 0 Error(s), 0 Warning(s).
Build target 'Target 1'
assembling Startup.s...
compiling main.c...
linking...
Program Size: Code=876 RO-data=32 RW-data=4 ZI-data=1260  
FromELF: creating hex file...
"sin_gen.axf" - 0 Error(s), 0 Warning(s).
Build target 'Target 1'
assembling Startup.s...
compiling main.c...
linking...
Program Size: Code=880 RO-data=32 RW-data=4 ZI-data=1260  
FromELF: creating hex file...
"sin_gen.axf" - 0 Error(s), 0 Warning(s).
Build target 'Target 1'
assembling Startup.s...
compiling main.c...
linking...
Program Size: Code=880 RO-data=32 RW-data=4 ZI-data=1260  
FromELF: creating hex file...
"sin_gen.axf" - 0 Error(s), 0 Warning(s).
